******************************************************************************
                  TI ARM Linker PC v15.12.7                    
******************************************************************************
>> Linked Tue May 01 12:06:19 2018

OUTPUT FILE NAME:   <GPIO decoded.out>
ENTRY POINT SYMBOL: "_c_int00"  address: 20004441


MEMORY CONFIGURATION

         name            origin    length      used     unused   attr    fill
----------------------  --------  ---------  --------  --------  ----  --------
  SRAM_CODE             20004000   00012fff  0000073e  000128c1  RW X
  SRAM_DATA             20017000   00019000  0000052a  00018ad6  RW X


SEGMENT ALLOCATION MAP

run origin  load origin   length   init length attrs members
----------  ----------- ---------- ----------- ----- -------
20004000    20004000    00000740   00000740    r-x
  20004000    20004000    0000056e   0000056e    r-x .text
  20004570    20004570    000001a8   000001a8    r-- .const
  20004718    20004718    00000028   00000028    r-- .cinit
20017000    20017000    00000018   00000000    rw-
  20017000    20017000    00000018   00000000    rw- .data
2002faec    2002faec    00000512   00000000    rw-
  2002faec    2002faec    00000512   00000000    rw- .stack


SECTION ALLOCATION MAP

 output                                  attributes/
section   page    origin      length       input sections
--------  ----  ----------  ----------   ----------------
.init_array 
*          0    20004000    00000000     UNINITIALIZED

.text      0    20004000    0000056e     
                  20004000    0000009c     rtsv7M4_T_le_eabi.lib : memcpy_t2.obj (.text)
                  2000409c    00000098     main.obj (.text)
                  20004134    00000088     driverlib.a : pin.obj (.text:PinConfigSet)
                  200041bc    0000007a     rtsv7M4_T_le_eabi.lib : memset_t2.obj (.text)
                  20004236    00000002                           : mpu_init.obj (.text)
                  20004238    00000070                           : autoinit.obj (.text)
                  200042a8    0000006a                           : copy_decompress_rle.obj (.text)
                  20004312    00000002                           : startup.obj (.text)
                  20004314    00000054                           : exit.obj (.text)
                  20004368    0000004c     pinmux.obj (.text)
                  200043b4    0000004c     rtsv7M4_T_le_eabi.lib : cpy_tbl.obj (.text)
                  20004400    00000040     driverlib.a : pin.obj (.text:PinModeSet)
                  20004440    00000040     rtsv7M4_T_le_eabi.lib : boot.obj (.text)
                  20004480    0000003c     driverlib.a : prcm.obj (.text:PRCMPeripheralClkEnable)
                  200044bc    00000036                 : gpio.obj (.text:GPIODirModeSet)
                  200044f2    00000030                 : pin.obj (.text:PinTypeGPIO)
                  20004522    00000002     --HOLE-- [fill = 0]
                  20004524    00000018     rtsv7M4_T_le_eabi.lib : args_main.obj (.text)
                  2000453c    00000014                           : _lock.obj (.text)
                  20004550    0000000e                           : copy_decompress_none.obj (.text:decompress:none)
                  2000455e    00000006     driverlib.a : utils.obj (.text:UtilsDelay)
                  20004564    00000006     rtsv7M4_T_le_eabi.lib : copy_decompress_rle.obj (.text:decompress:rle24)
                  2000456a    00000004                           : pre_init.obj (.text)

.const     0    20004570    000001a8     
                  20004570    00000100     driverlib.a : pin.obj (.const:g_ulPinToPadMap)
                  20004670    000000a8                 : prcm.obj (.const:PRCM_PeriphRegsList)

.cinit     0    20004718    00000028     
                  20004718    00000018     (.cinit..data.load) [load image, compression = rle]
                  20004730    00000008     (__TI_handler_table)
                  20004738    00000008     (__TI_cinit_table)

.data      0    20017000    00000018     UNINITIALIZED
                  20017000    0000000c     rtsv7M4_T_le_eabi.lib : exit.obj (.data:$O1$$)
                  2001700c    00000008                           : _lock.obj (.data:$O1$$)
                  20017014    00000004                           : stkdepth_vars.obj (.data)

.stack     0    2002faec    00000512     UNINITIALIZED
                  2002faec    00000512     --HOLE--

MODULE SUMMARY

       Module                     code   ro data   rw data
       ------                     ----   -------   -------
    .\
       main.obj                   152    0         0      
       pinmux.obj                 76     0         0      
    +--+--------------------------+------+---------+---------+
       Total:                     228    0         0      
                                                          
    C:/TI/CC3200SDK_1.2.0/cc3200-sdk/driverlib/ccs/Release/driverlib.a
       pin.obj                    248    256       0      
       prcm.obj                   60     168       0      
       gpio.obj                   54     0         0      
       utils.obj                  6      0         0      
    +--+--------------------------+------+---------+---------+
       Total:                     368    424       0      
                                                          
    C:\TI\ccsv6\tools\compiler\ti-cgt-arm_15.12.7.LTS\lib\rtsv7M4_T_le_eabi.lib
       memcpy_t2.obj              156    0         0      
       memset_t2.obj              122    0         0      
       autoinit.obj               112    0         0      
       copy_decompress_rle.obj    112    0         0      
       exit.obj                   84     0         12     
       cpy_tbl.obj                76     0         0      
       boot.obj                   64     0         0      
       _lock.obj                  20     0         8      
       args_main.obj              24     0         0      
       copy_decompress_none.obj   14     0         0      
       pre_init.obj               4      0         0      
       stkdepth_vars.obj          0      0         4      
       mpu_init.obj               2      0         0      
       startup.obj                2      0         0      
    +--+--------------------------+------+---------+---------+
       Total:                     792    0         24     
                                                          
       Stack:                     0      0         1298   
       Linker Generated:          0      40        0      
    +--+--------------------------+------+---------+---------+
       Grand Total:               1388   464       1322   


LINKER GENERATED COPY TABLES

__TI_cinit_table @ 20004738 records: 1, size/record: 8, table size: 8
	.data: load addr=20004718, load size=00000018 bytes, run addr=20017000, run size=00000018 bytes, compression=rle


LINKER GENERATED HANDLER TABLE

__TI_handler_table @ 20004730 records: 2, size/record: 4, table size: 8
	index: 0, handler: __TI_decompress_rle24
	index: 1, handler: __TI_decompress_none


GLOBAL SYMBOLS: SORTED ALPHABETICALLY BY Name 

address   name                           
-------   ----                           
20004315  C$$EXIT                        
200044bd  GPIODirModeSet                 
20004481  PRCMPeripheralClkEnable        
20004135  PinConfigSet                   
20004401  PinModeSet                     
20004369  PinMuxConfig                   
200044f3  PinTypeGPIO                    
UNDEFED   SHT$$INIT_ARRAY$$Base          
UNDEFED   SHT$$INIT_ARRAY$$Limit         
2000455f  UtilsDelay                     
2002fffe  __STACK_END                    
00000512  __STACK_SIZE                   
20004738  __TI_CINIT_Base                
20004740  __TI_CINIT_Limit               
20004730  __TI_Handler_Table_Base        
20004738  __TI_Handler_Table_Limit       
20004239  __TI_auto_init                 
20017000  __TI_cleanup_ptr               
20004551  __TI_decompress_none           
20004565  __TI_decompress_rle24          
20017004  __TI_dtors_ptr                 
20017008  __TI_enable_exit_profile_output
ffffffff  __TI_pprof_out_hndl            
ffffffff  __TI_prof_data_size            
ffffffff  __TI_prof_data_start           
20004718  __TI_static_base__             
200041bd  __aeabi_memclr                 
200041bd  __aeabi_memclr4                
200041bd  __aeabi_memclr8                
20004001  __aeabi_memcpy                 
20004001  __aeabi_memcpy4                
20004001  __aeabi_memcpy8                
200041bf  __aeabi_memset                 
200041bf  __aeabi_memset4                
200041bf  __aeabi_memset8                
ffffffff  __binit__                      
ffffffff  __c_args__                     
20004237  __mpu_init                     
2002faec  __stack                        
20004525  _args_main                     
20004441  _c_int00                       
2001700c  _lock                          
2000454b  _nop                           
20004543  _register_lock                 
2000453d  _register_unlock               
20004313  _system_post_cinit             
2000456b  _system_pre_init               
20017010  _unlock                        
20004319  abort                          
ffffffff  binit                          
200043b5  copy_in                        
20004321  exit                           
2000409d  main                           
20017014  main_func_sp                   
20004001  memcpy                         
200041c5  memset                         


GLOBAL SYMBOLS: SORTED BY Symbol Address 

address   name                           
-------   ----                           
00000512  __STACK_SIZE                   
20004001  __aeabi_memcpy                 
20004001  __aeabi_memcpy4                
20004001  __aeabi_memcpy8                
20004001  memcpy                         
2000409d  main                           
20004135  PinConfigSet                   
200041bd  __aeabi_memclr                 
200041bd  __aeabi_memclr4                
200041bd  __aeabi_memclr8                
200041bf  __aeabi_memset                 
200041bf  __aeabi_memset4                
200041bf  __aeabi_memset8                
200041c5  memset                         
20004237  __mpu_init                     
20004239  __TI_auto_init                 
20004313  _system_post_cinit             
20004315  C$$EXIT                        
20004319  abort                          
20004321  exit                           
20004369  PinMuxConfig                   
200043b5  copy_in                        
20004401  PinModeSet                     
20004441  _c_int00                       
20004481  PRCMPeripheralClkEnable        
200044bd  GPIODirModeSet                 
200044f3  PinTypeGPIO                    
20004525  _args_main                     
2000453d  _register_unlock               
20004543  _register_lock                 
2000454b  _nop                           
20004551  __TI_decompress_none           
2000455f  UtilsDelay                     
20004565  __TI_decompress_rle24          
2000456b  _system_pre_init               
20004718  __TI_static_base__             
20004730  __TI_Handler_Table_Base        
20004738  __TI_CINIT_Base                
20004738  __TI_Handler_Table_Limit       
20004740  __TI_CINIT_Limit               
20017000  __TI_cleanup_ptr               
20017004  __TI_dtors_ptr                 
20017008  __TI_enable_exit_profile_output
2001700c  _lock                          
20017010  _unlock                        
20017014  main_func_sp                   
2002faec  __stack                        
2002fffe  __STACK_END                    
ffffffff  __TI_pprof_out_hndl            
ffffffff  __TI_prof_data_size            
ffffffff  __TI_prof_data_start           
ffffffff  __binit__                      
ffffffff  __c_args__                     
ffffffff  binit                          
UNDEFED   SHT$$INIT_ARRAY$$Base          
UNDEFED   SHT$$INIT_ARRAY$$Limit         

[56 symbols]
